---
source: docx-core/tests/reader.rs
expression: "&json"
---
"{\n  \"contentType\": {\n    \"types\": {\n      \"/_rels/.rels\": \"application/vnd.openxmlformats-package.relationships+xml\",\n      \"/docProps/app.xml\": \"application/vnd.openxmlformats-officedocument.extended-properties+xml\",\n      \"/docProps/core.xml\": \"application/vnd.openxmlformats-package.core-properties+xml\",\n      \"/docProps/custom.xml\": \"application/vnd.openxmlformats-officedocument.custom-properties+xml\",\n      \"/word/_rels/document.xml.rels\": \"application/vnd.openxmlformats-package.relationships+xml\",\n      \"/word/comments.xml\": \"application/vnd.openxmlformats-officedocument.wordprocessingml.comments+xml\",\n      \"/word/commentsExtended.xml\": \"application/vnd.openxmlformats-officedocument.wordprocessingml.commentsExtended+xml\",\n      \"/word/document.xml\": \"application/vnd.openxmlformats-officedocument.wordprocessingml.document.main+xml\",\n      \"/word/fontTable.xml\": \"application/vnd.openxmlformats-officedocument.wordprocessingml.fontTable+xml\",\n      \"/word/numbering.xml\": \"application/vnd.openxmlformats-officedocument.wordprocessingml.numbering+xml\",\n      \"/word/settings.xml\": \"application/vnd.openxmlformats-officedocument.wordprocessingml.settings+xml\",\n      \"/word/styles.xml\": \"application/vnd.openxmlformats-officedocument.wordprocessingml.styles+xml\"\n    },\n    \"web_extension_count\": 1,\n    \"custom_xml_count\": 1,\n    \"header_count\": 0,\n    \"footer_count\": 0\n  },\n  \"rels\": {\n    \"rels\": [\n      [\n        \"http://schemas.openxmlformats.org/package/2006/relationships/metadata/core-properties\",\n        \"rId1\",\n        \"docProps/core.xml\"\n      ],\n      [\n        \"http://schemas.openxmlformats.org/officeDocument/2006/relationships/extended-properties\",\n        \"rId2\",\n        \"docProps/app.xml\"\n      ],\n      [\n        \"http://schemas.openxmlformats.org/officeDocument/2006/relationships/officeDocument\",\n        \"rId3\",\n        \"word/document.xml\"\n      ],\n      [\n        \"http://schemas.openxmlformats.org/officeDocument/2006/relationships/custom-properties\",\n        \"rId4\",\n        \"docProps/custom.xml\"\n      ]\n    ]\n  },\n  \"documentRels\": {\n    \"hasComments\": false,\n    \"hasNumberings\": false,\n    \"images\": [],\n    \"hyperlinks\": [],\n    \"customXmlCount\": 0,\n    \"headerCount\": 0,\n    \"footerCount\": 0\n  },\n  \"docProps\": {\n    \"app\": {},\n    \"core\": {\n      \"config\": {\n        \"created\": null,\n        \"creator\": null,\n        \"description\": null,\n        \"language\": null,\n        \"lastModifiedBy\": null,\n        \"modified\": null,\n        \"revision\": null,\n        \"subject\": null,\n        \"title\": null\n      }\n    },\n    \"custom\": {\n      \"properties\": {}\n    }\n  },\n  \"styles\": {\n    \"docDefaults\": {\n      \"runPropertyDefault\": {\n        \"runProperty\": {\n          \"sz\": 21,\n          \"szCs\": 21,\n          \"fonts\": {\n            \"asciiTheme\": \"minorHAnsi\",\n            \"hiAnsiTheme\": \"minorHAnsi\",\n            \"eastAsiaTheme\": \"minorEastAsia\",\n            \"csTheme\": \"minorBidi\"\n          }\n        }\n      }\n    },\n    \"styles\": [\n      {\n        \"styleId\": \"Normal\",\n        \"name\": \"Normal\",\n        \"styleType\": \"paragraph\",\n        \"runProperty\": {},\n        \"paragraphProperty\": {\n          \"runProperty\": {},\n          \"alignment\": \"both\",\n          \"tabs\": []\n        },\n        \"tableProperty\": {\n          \"width\": {\n            \"width\": 0,\n            \"widthType\": \"auto\"\n          },\n          \"justification\": \"left\",\n          \"borders\": {\n            \"top\": {\n              \"borderType\": \"single\",\n              \"size\": 2,\n              \"color\": \"000000\",\n              \"position\": \"top\",\n              \"space\": 0\n            },\n            \"left\": {\n              \"borderType\": \"single\",\n              \"size\": 2,\n              \"color\": \"000000\",\n              \"position\": \"left\",\n              \"space\": 0\n            },\n            \"bottom\": {\n              \"borderType\": \"single\",\n              \"size\": 2,\n              \"color\": \"000000\",\n              \"position\": \"bottom\",\n              \"space\": 0\n            },\n            \"right\": {\n              \"borderType\": \"single\",\n              \"size\": 2,\n              \"color\": \"000000\",\n              \"position\": \"right\",\n              \"space\": 0\n            },\n            \"insideH\": {\n              \"borderType\": \"single\",\n              \"size\": 2,\n              \"color\": \"000000\",\n              \"position\": \"insideH\",\n              \"space\": 0\n            },\n            \"insideV\": {\n              \"borderType\": \"single\",\n              \"size\": 2,\n              \"color\": \"000000\",\n              \"position\": \"insideV\",\n              \"space\": 0\n            }\n          }\n        },\n        \"tableCellProperty\": {\n          \"width\": null,\n          \"borders\": null,\n          \"gridSpan\": null,\n          \"verticalMerge\": null,\n          \"verticalAlign\": null,\n          \"textDirection\": null,\n          \"shading\": null\n        },\n        \"basedOn\": null,\n        \"next\": null\n      },\n      {\n        \"styleId\": \"DefaultParagraphFont\",\n        \"name\": \"Default Paragraph Font\",\n        \"styleType\": \"character\",\n        \"runProperty\": {},\n        \"paragraphProperty\": {\n          \"runProperty\": {},\n          \"tabs\": []\n        },\n        \"tableProperty\": {\n          \"width\": {\n            \"width\": 0,\n            \"widthType\": \"auto\"\n          },\n          \"justification\": \"left\",\n          \"borders\": {\n            \"top\": {\n              \"borderType\": \"single\",\n              \"size\": 2,\n              \"color\": \"000000\",\n              \"position\": \"top\",\n              \"space\": 0\n            },\n            \"left\": {\n              \"borderType\": \"single\",\n              \"size\": 2,\n              \"color\": \"000000\",\n              \"position\": \"left\",\n              \"space\": 0\n            },\n            \"bottom\": {\n              \"borderType\": \"single\",\n              \"size\": 2,\n              \"color\": \"000000\",\n              \"position\": \"bottom\",\n              \"space\": 0\n            },\n            \"right\": {\n              \"borderType\": \"single\",\n              \"size\": 2,\n              \"color\": \"000000\",\n              \"position\": \"right\",\n              \"space\": 0\n            },\n            \"insideH\": {\n              \"borderType\": \"single\",\n              \"size\": 2,\n              \"color\": \"000000\",\n              \"position\": \"insideH\",\n              \"space\": 0\n            },\n            \"insideV\": {\n              \"borderType\": \"single\",\n              \"size\": 2,\n              \"color\": \"000000\",\n              \"position\": \"insideV\",\n              \"space\": 0\n            }\n          }\n        },\n        \"tableCellProperty\": {\n          \"width\": null,\n          \"borders\": null,\n          \"gridSpan\": null,\n          \"verticalMerge\": null,\n          \"verticalAlign\": null,\n          \"textDirection\": null,\n          \"shading\": null\n        },\n        \"basedOn\": null,\n        \"next\": null\n      },\n      {\n        \"styleId\": \"TableNormal\",\n        \"name\": \"Normal Table\",\n        \"styleType\": \"table\",\n        \"runProperty\": {},\n        \"paragraphProperty\": {\n          \"runProperty\": {},\n          \"tabs\": []\n        },\n        \"tableProperty\": {\n          \"width\": {\n            \"width\": 0,\n            \"widthType\": \"auto\"\n          },\n          \"justification\": \"left\",\n          \"borders\": {\n            \"top\": null,\n            \"left\": null,\n            \"bottom\": null,\n            \"right\": null,\n            \"insideH\": null,\n            \"insideV\": null\n          },\n          \"margins\": {\n            \"top\": {\n              \"val\": 0,\n              \"widthType\": \"dxa\"\n            },\n            \"left\": {\n              \"val\": 108,\n              \"widthType\": \"dxa\"\n            },\n            \"bottom\": {\n              \"val\": 0,\n              \"widthType\": \"dxa\"\n            },\n            \"right\": {\n              \"val\": 108,\n              \"widthType\": \"dxa\"\n            }\n          }\n        },\n        \"tableCellProperty\": {\n          \"width\": null,\n          \"borders\": null,\n          \"gridSpan\": null,\n          \"verticalMerge\": null,\n          \"verticalAlign\": null,\n          \"textDirection\": null,\n          \"shading\": null\n        },\n        \"basedOn\": null,\n        \"next\": null\n      },\n      {\n        \"styleId\": \"NoList\",\n        \"name\": \"No List\",\n        \"styleType\": \"numbering\",\n        \"runProperty\": {},\n        \"paragraphProperty\": {\n          \"runProperty\": {},\n          \"tabs\": []\n        },\n        \"tableProperty\": {\n          \"width\": {\n            \"width\": 0,\n            \"widthType\": \"auto\"\n          },\n          \"justification\": \"left\",\n          \"borders\": {\n            \"top\": {\n              \"borderType\": \"single\",\n              \"size\": 2,\n              \"color\": \"000000\",\n              \"position\": \"top\",\n              \"space\": 0\n            },\n            \"left\": {\n              \"borderType\": \"single\",\n              \"size\": 2,\n              \"color\": \"000000\",\n              \"position\": \"left\",\n              \"space\": 0\n            },\n            \"bottom\": {\n              \"borderType\": \"single\",\n              \"size\": 2,\n              \"color\": \"000000\",\n              \"position\": \"bottom\",\n              \"space\": 0\n            },\n            \"right\": {\n              \"borderType\": \"single\",\n              \"size\": 2,\n              \"color\": \"000000\",\n              \"position\": \"right\",\n              \"space\": 0\n            },\n            \"insideH\": {\n              \"borderType\": \"single\",\n              \"size\": 2,\n              \"color\": \"000000\",\n              \"position\": \"insideH\",\n              \"space\": 0\n            },\n            \"insideV\": {\n              \"borderType\": \"single\",\n              \"size\": 2,\n              \"color\": \"000000\",\n              \"position\": \"insideV\",\n              \"space\": 0\n            }\n          }\n        },\n        \"tableCellProperty\": {\n          \"width\": null,\n          \"borders\": null,\n          \"gridSpan\": null,\n          \"verticalMerge\": null,\n          \"verticalAlign\": null,\n          \"textDirection\": null,\n          \"shading\": null\n        },\n        \"basedOn\": null,\n        \"next\": null\n      }\n    ]\n  },\n  \"document\": {\n    \"children\": [\n      {\n        \"type\": \"paragraph\",\n        \"data\": {\n          \"id\": \"5231A740\",\n          \"children\": [],\n          \"property\": {\n            \"runProperty\": {},\n            \"style\": \"Normal\",\n            \"indent\": {\n              \"start\": 0,\n              \"startChars\": null,\n              \"end\": null,\n              \"specialIndent\": null,\n              \"hangingChars\": null,\n              \"firstLineChars\": null\n            },\n            \"tabs\": []\n          },\n          \"hasNumbering\": false\n        }\n      },\n      {\n        \"type\": \"paragraph\",\n        \"data\": {\n          \"id\": \"6DA0584E\",\n          \"children\": [\n            {\n              \"type\": \"run\",\n              \"data\": {\n                \"runProperty\": {\n                  \"sz\": 22,\n                  \"szCs\": 22,\n                  \"color\": \"222222\",\n                  \"fonts\": {\n                    \"ascii\": \"Century\",\n                    \"hiAnsi\": \"Century\",\n                    \"eastAsia\": \"Century\",\n                    \"cs\": \"Century\"\n                  }\n                },\n                \"children\": [\n                  {\n                    \"type\": \"text\",\n                    \"data\": {\n                      \"preserveSpace\": true,\n                      \"text\": \"Lorem ipsum dolor sit amet, consectetur adipiscing elit, sed do eiusmod tempor incididunt ut labore et dolore magna aliqua.\"\n                    }\n                  }\n                ]\n              }\n            }\n          ],\n          \"property\": {\n            \"runProperty\": {},\n            \"style\": \"Normal\",\n            \"indent\": {\n              \"start\": 840,\n              \"startChars\": null,\n              \"end\": null,\n              \"specialIndent\": {\n                \"type\": \"firstLine\",\n                \"val\": 0\n              },\n              \"hangingChars\": null,\n              \"firstLineChars\": null\n            },\n            \"tabs\": []\n          },\n          \"hasNumbering\": false\n        }\n      },\n      {\n        \"type\": \"paragraph\",\n        \"data\": {\n          \"id\": \"448AC37F\",\n          \"children\": [],\n          \"property\": {\n            \"runProperty\": {},\n            \"style\": \"Normal\",\n            \"indent\": {\n              \"start\": 0,\n              \"startChars\": null,\n              \"end\": null,\n              \"specialIndent\": null,\n              \"hangingChars\": null,\n              \"firstLineChars\": null\n            },\n            \"tabs\": []\n          },\n          \"hasNumbering\": false\n        }\n      },\n      {\n        \"type\": \"paragraph\",\n        \"data\": {\n          \"id\": \"015A501D\",\n          \"children\": [\n            {\n              \"type\": \"run\",\n              \"data\": {\n                \"runProperty\": {\n                  \"sz\": 22,\n                  \"szCs\": 22,\n                  \"color\": \"222222\",\n                  \"fonts\": {\n                    \"ascii\": \"Century\",\n                    \"hiAnsi\": \"Century\",\n                    \"eastAsia\": \"Century\",\n                    \"cs\": \"Century\"\n                  }\n                },\n                \"children\": [\n                  {\n                    \"type\": \"text\",\n                    \"data\": {\n                      \"preserveSpace\": true,\n                      \"text\": \"Lorem ipsum dolor sit amet, consectetur adipiscing elit, sed do eiusmod tempor incididunt ut labore et dolore magna aliqua.\"\n                    }\n                  }\n                ]\n              }\n            }\n          ],\n          \"property\": {\n            \"runProperty\": {},\n            \"style\": \"Normal\",\n            \"indent\": {\n              \"start\": 840,\n              \"startChars\": null,\n              \"end\": null,\n              \"specialIndent\": {\n                \"type\": \"firstLine\",\n                \"val\": 720\n              },\n              \"hangingChars\": null,\n              \"firstLineChars\": null\n            },\n            \"tabs\": []\n          },\n          \"hasNumbering\": false\n        }\n      },\n      {\n        \"type\": \"paragraph\",\n        \"data\": {\n          \"id\": \"564F799D\",\n          \"children\": [],\n          \"property\": {\n            \"runProperty\": {},\n            \"style\": \"Normal\",\n            \"indent\": {\n              \"start\": 840,\n              \"startChars\": null,\n              \"end\": null,\n              \"specialIndent\": {\n                \"type\": \"firstLine\",\n                \"val\": 720\n              },\n              \"hangingChars\": null,\n              \"firstLineChars\": null\n            },\n            \"tabs\": []\n          },\n          \"hasNumbering\": false\n        }\n      },\n      {\n        \"type\": \"paragraph\",\n        \"data\": {\n          \"id\": \"640CFBC2\",\n          \"children\": [],\n          \"property\": {\n            \"runProperty\": {\n              \"sz\": 21,\n              \"szCs\": 21,\n              \"fonts\": {\n                \"ascii\": \"Century\",\n                \"hiAnsi\": \"Century\",\n                \"eastAsia\": \"Century\",\n                \"cs\": \"Century\"\n              }\n            },\n            \"style\": \"Normal\",\n  