---
source: docx-core/tests/reader.rs
expression: "&json"
---
"{\n  \"contentType\": {\n    \"types\": {\n      \"/_rels/.rels\": \"application/vnd.openxmlformats-package.relationships+xml\",\n      \"/docProps/app.xml\": \"application/vnd.openxmlformats-officedocument.extended-properties+xml\",\n      \"/docProps/core.xml\": \"application/vnd.openxmlformats-package.core-properties+xml\",\n      \"/word/_rels/document.xml.rels\": \"application/vnd.openxmlformats-package.relationships+xml\",\n      \"/word/comments.xml\": \"application/vnd.openxmlformats-officedocument.wordprocessingml.comments+xml\",\n      \"/word/commentsExtended.xml\": \"application/vnd.openxmlformats-officedocument.wordprocessingml.commentsExtended+xml\",\n      \"/word/document.xml\": \"application/vnd.openxmlformats-officedocument.wordprocessingml.document.main+xml\",\n      \"/word/fontTable.xml\": \"application/vnd.openxmlformats-officedocument.wordprocessingml.fontTable+xml\",\n      \"/word/header1.xml\": \"application/vnd.openxmlformats-officedocument.wordprocessingml.header+xml\",\n      \"/word/numbering.xml\": \"application/vnd.openxmlformats-officedocument.wordprocessingml.numbering+xml\",\n      \"/word/settings.xml\": \"application/vnd.openxmlformats-officedocument.wordprocessingml.settings+xml\",\n      \"/word/styles.xml\": \"application/vnd.openxmlformats-officedocument.wordprocessingml.styles+xml\"\n    }\n  },\n  \"rels\": {\n    \"rels\": [\n      [\n        \"http://schemas.openxmlformats.org/package/2006/relationships/metadata/core-properties\",\n        \"rId1\",\n        \"docProps/core.xml\"\n      ],\n      [\n        \"http://schemas.openxmlformats.org/officeDocument/2006/relationships/extended-properties\",\n        \"rId2\",\n        \"docProps/app.xml\"\n      ],\n      [\n        \"http://schemas.openxmlformats.org/officeDocument/2006/relationships/officeDocument\",\n        \"rId3\",\n        \"word/document.xml\"\n      ]\n    ]\n  },\n  \"documentRels\": {\n    \"hasComments\": true,\n    \"hasNumberings\": false,\n    \"imageIds\": []\n  },\n  \"docProps\": {\n    \"app\": {},\n    \"core\": {\n      \"config\": {\n        \"created\": null,\n        \"creator\": null,\n        \"description\": null,\n        \"language\": null,\n        \"lastModifiedBy\": null,\n        \"modified\": null,\n        \"revision\": null,\n        \"subject\": null,\n        \"title\": null\n      }\n    }\n  },\n  \"styles\": {\n    \"docDefaults\": {\n      \"runPropertyDefault\": {\n        \"runProperty\": {\n          \"sz\": null,\n          \"szCs\": null,\n          \"color\": null,\n          \"highlight\": null,\n          \"underline\": null,\n          \"bold\": null,\n          \"boldCs\": null,\n          \"italic\": null,\n          \"italicCs\": null,\n          \"vanish\": null,\n          \"characterSpacing\": null,\n          \"fonts\": null\n        }\n      }\n    },\n    \"styles\": [\n      {\n        \"styleId\": \"Normal\",\n        \"name\": \"Normal\",\n        \"styleType\": \"paragraph\",\n        \"runProperty\": {\n          \"sz\": 24,\n          \"szCs\": 24,\n          \"color\": \"auto\",\n          \"highlight\": null,\n          \"underline\": null,\n          \"bold\": null,\n          \"boldCs\": null,\n          \"italic\": null,\n          \"italicCs\": null,\n          \"vanish\": null,\n          \"characterSpacing\": null,\n          \"fonts\": null\n        },\n        \"paragraphProperty\": {\n          \"runProperty\": {\n            \"sz\": null,\n            \"szCs\": null,\n            \"color\": null,\n            \"highlight\": null,\n            \"underline\": null,\n            \"bold\": null,\n            \"boldCs\": null,\n            \"italic\": null,\n            \"italicCs\": null,\n            \"vanish\": null,\n            \"characterSpacing\": null,\n            \"fonts\": null\n          },\n          \"style\": null,\n          \"numberingProperty\": null,\n          \"alignment\": \"left\",\n          \"indent\": null,\n          \"lineSpacing\": null\n        },\n        \"tableProperty\": {\n          \"width\": {\n            \"width\": 0,\n            \"widthType\": \"Auto\"\n          },\n          \"justification\": \"left\",\n          \"borders\": {\n            \"top\": {\n              \"borderType\": \"single\",\n              \"size\": 2,\n              \"color\": \"000000\",\n              \"position\": \"top\",\n              \"space\": 0\n            },\n            \"left\": {\n              \"borderType\": \"single\",\n              \"size\": 2,\n              \"color\": \"000000\",\n              \"position\": \"left\",\n              \"space\": 0\n            },\n            \"bottom\": {\n              \"borderType\": \"single\",\n              \"size\": 2,\n              \"color\": \"000000\",\n              \"position\": \"bottom\",\n              \"space\": 0\n            },\n            \"right\": {\n              \"borderType\": \"single\",\n              \"size\": 2,\n              \"color\": \"000000\",\n              \"position\": \"right\",\n         