---
source: docx-core/tests/reader.rs
expression: "&json"
---
"{\n  \"contentType\": {\n    \"types\": {\n      \"/_rels/.rels\": \"application/vnd.openxmlformats-package.relationships+xml\",\n      \"/docProps/app.xml\": \"application/vnd.openxmlformats-officedocument.extended-properties+xml\",\n      \"/docProps/core.xml\": \"application/vnd.openxmlformats-package.core-properties+xml\",\n      \"/docProps/custom.xml\": \"application/vnd.openxmlformats-officedocument.custom-properties+xml\",\n      \"/word/_rels/document.xml.rels\": \"application/vnd.openxmlformats-package.relationships+xml\",\n      \"/word/comments.xml\": \"application/vnd.openxmlformats-officedocument.wordprocessingml.comments+xml\",\n      \"/word/commentsExtended.xml\": \"application/vnd.openxmlformats-officedocument.wordprocessingml.commentsExtended+xml\",\n      \"/word/document.xml\": \"application/vnd.openxmlformats-officedocument.wordprocessingml.document.main+xml\",\n      \"/word/fontTable.xml\": \"application/vnd.openxmlformats-officedocument.wordprocessingml.fontTable+xml\",\n      \"/word/footer1.xml\": \"application/vnd.openxmlformats-officedocument.wordprocessingml.footer+xml\",\n      \"/word/header1.xml\": \"application/vnd.openxmlformats-officedocument.wordprocessingml.header+xml\",\n      \"/word/numbering.xml\": \"application/vnd.openxmlformats-officedocument.wordprocessingml.numbering+xml\",\n      \"/word/settings.xml\": \"application/vnd.openxmlformats-officedocument.wordprocessingml.settings+xml\",\n      \"/word/styles.xml\": \"application/vnd.openxmlformats-officedocument.wordprocessingml.styles+xml\"\n    },\n    \"web_extension_count\": 1,\n    \"custom_xml_count\": 1,\n    \"header_count\": 1,\n    \"footer_count\": 1\n  },\n  \"rels\": {\n    \"rels\": [\n      [\n        \"http://schemas.openxmlformats.org/package/2006/relationships/metadata/core-properties\",\n        \"rId1\",\n        \"docProps/core.xml\"\n      ],\n      [\n        \"http://schemas.openxmlformats.org/officeDocument/2006/relationships/extended-properties\",\n        \"rId2\",\n        \"docProps/app.xml\"\n      ],\n      [\n        \"http://schemas.openxmlformats.org/officeDocument/2006/relationships/officeDocument\",\n        \"rId3\",\n        \"word/document.xml\"\n      ],\n      [\n        \"http://schemas.openxmlformats.org/officeDocument/2006/relationships/custom-properties\",\n        \"rId4\",\n        \"docProps/custom.xml\"\n      ]\n    ]\n  },\n  \"documentRels\": {\n    \"hasComments\": false,\n    \"hasNumberings\": false,\n    \"images\": [],\n    \"hyperlinks\": [],\n    \"customXmlCount\": 0,\n    \"headerCount\": 1,\n    \"footerCount\": 1\n  },\n  \"docProps\": {\n    \"app\": {},\n    \"core\": {\n      \"config\": {\n        \"created\": null,\n        \"creator\": null,\n        \"description\": null,\n        \"language\": null,\n        \"lastModifiedBy\": null,\n        \"modified\": null,\n        \"revision\": null,\n        \"subject\": null,\n        \"title\": null\n      }\n    },\n    \"custom\": {\n      \"properties\": {}\n    }\n  },\n  \"styles\": {\n    \"docDefaults\": {\n      \"runPropertyDefault\": {\n        \"runProperty\": {}\n      }\n    },\n    \"styles\": [\n      {\n        \"styleId\": \"Title\",\n        \"name\": \"Title\",\n        \"styleType\": \"paragraph\",\n        \"runProperty\": {\n          \"sz\": 56,\n          \"szCs\": 56\n        },\n        \"paragraphProperty\": {\n          \"runProperty\": {},\n          \"tabs\": []\n        },\n        \"tableProperty\": {\n          \"width\": {\n            \"width\": 0,\n            \"widthType\": \"auto\"\n          },\n          \"justification\": \"left\",\n          \"borders\": {\n            \"top\": {\n              \"borderType\": \"single\",\n              \"size\": 2,\n              \"color\": \"000000\",\n              \"position\": \"top\",\n              \"space\": 0\n            },\n            \"left\": {\n              \"borderType\": \"single\",\n              \"size\": 2,\n              \"color\": \"000000\",\n              \"position\": \"left\",\n              \"space\": 0\n            },\n            \"bottom\": {\n              \"borderType\": \"single\",\n              \"size\": 2,\n              \"color\": \"000000\",\n              \"position\": \"bottom\",\n              \"space\": 0\n            },\n            \"right\": {\n              \"borderType\": \"single\",\n              \"size\": 2,\n              \"color\": \"000000\",\n              \"position\": \"right\",\n              \"space\": 0\n            },\n            \"insideH\": {\n              \"borderType\": \"single\",\n              \"size\": 2,\n              \"color\": \"000000\",\n              \"position\": \"insideH\",\n              \"space\": 0\n            },\n            \"insideV\": {\n              \"borderType\": \"single\",\n              \"size\": 2,\n              \"color\": \"000000\",\n              \"position\": \"insideV\",\n              \"space\": 0\n            }\n          }\n        },\n        \"tableCellProperty\": {\n          \"width\": null,\n          \"borders\": null,\n          \"gridSpan\": null,\n          \"verticalMerge\": null,\n          \"verticalAlign\": null,\n          \"textDirection\": null,\n          \"shading\": null\n        },\n        \"basedOn\": \"Normal\",\n        \"next\": null\n      },\n      {\n        \"styleId\": \"Heading1\",\n        \"name\": \"Heading 1\",\n        \"styleType\": \"paragraph\",\n        \"runProperty\": {\n          \"sz\": 32,\n          \"szCs\": 32,\n          \"color\": \"2E74B5\"\n        },\n        \"paragraphProperty\": {\n          \"runProperty\": {},\n          \"tabs\": []\n        },\n        \"tableProperty\": {\n          \"width\": {\n            \"width\": 0,\n            \"widthType\": \"auto\"\n          },\n          \"justification\": \"left\",\n          \"borders\": {\n            \"top\": {\n              \"borderType\": \"single\",\n              \"size\": 2,\n              \"color\": \"000000\",\n              \"position\": \"top\",\n              \"space\": 0\n            },\n            \"left\": {\n              \"borderType\": \"single\",\n              \"size\": 2,\n              \"color\": \"000000\",\n              \"position\": \"left\",\n              \"space\": 0\n            },\n            \"bottom\": {\n              \"borderType\": \"single\",\n              \"size\": 2,\n              \"color\": \"000000\",\n              \"position\": \"bottom\",\n              \"space\": 0\n            },\n            \"right\": {\n              \"borderType\": \"single\",\n              \"size\": 2,\n              \"color\": \"000000\",\n              \"position\": \"right\",\n              \"space\": 0\n            },\n            \"insideH\": {\n              \"borderType\": \"single\",\n              \"size\": 2,\n              \"color\": \"000000\",\n              \"position\": \"insideH\",\n              \"space\": 0\n            },\n            \"insideV\": {\n              \"borderType\": \"single\",\n              \"size\": 2,\n              \"color\": \"000000\",\n              \"position\": \"insideV\",\n              \"space\": 0\n            }\n          }\n        },\n        \"tableCellProperty\": {\n          \"width\": null,\n          \"borders\": null,\n          \"gridSpan\": null,\n          \"verticalMerge\": null,\n          \"verticalAlign\": null,\n          \"textDirection\": null,\n          \"shading\": null\n        },\n        \"basedOn\": \"Normal\",\n        \"next\": null\n      },\n      {\n        \"styleId\": \"Heading2\",\n        \"name\": \"Heading 2\",\n        \"styleType\": \"paragraph\",\n        \"runProperty\": {\n          \"sz\": 26,\n          \"szCs\": 26,\n          \"color\": \"2E74B5\"\n        },\n        \"paragraphProperty\": {\n          \"runProperty\": {},\n          \"tabs\": []\n        },\n        \"tableProperty\": {\n          \"width\": {\n            \"width\": 0,\n            \"widthType\": \"auto\"\n          },\n          \"justification\": \"left\",\n          \"borders\": {\n            \"top\": {\n              \"borderType\": \"single\",\n              \"size\": 2,\n              \"color\": \"000000\",\n              \"position\": \"top\",\n              \"space\": 0\n            },\n            \"left\": {\n              \"borderType\": \"single\",\n              \"size\": 2,\n              \"color\": \"000000\",\n              \"position\": \"left\",\n              \"space\": 0\n            },\n            \"bottom\": {\n              \"borderType\": \"single\",\n              \"size\": 2,\n              \"color\": \"000000\",\n              \"position\": \"bottom\",\n              \"space\": 0\n            },\n            \"right\": {\n              \"borderType\": \"single\",\n              \"size\": 2,\n              \"color\": \"000000\",\n              \"position\": \"right\",\n              \"space\": 0\n            },\n            \"insideH\": {\n              \"borderType\": \"single\",\n              \"size\": 2,\n              \"color\": \"000000\",\n              \"position\": \"insideH\",\n              \"space\": 0\n            },\n            \"insideV\": {\n              \"borderType\": \"single\",\n              \"size\": 2,\n              \"color\": \"000000\",\n              \"position\": \"insideV\",\n              \"space\": 0\n            }\n          }\n        },\n        \"tableCellProperty\": {\n          \"width\": null,\n          \"borders\": null,\n          \"gridSpan\": null,\n          \"verticalMerge\": null,\n          \"verticalAlign\": null,\n          \"textDirection\": null,\n          \"shading\": null\n        },\n        \"basedOn\": \"Normal\",\n        \"next\": null\n      },\n      {\n        \"styleId\": \"Heading3\",\n        \"name\": \"Heading 3\",\n        \"styleType\": \"paragraph\",\n        \"runProperty\": {\n          \"sz\": 24,\n          \"szCs\": 24,\n          \"color\": \"1F4D78\"\n        },\n        \"paragraphProperty\": {\n          \"runProperty\": {},\n          \"tabs\": []\n        },\n        \"tableProperty\": {\n          \"width\": {\n            \"width\": 0,\n            \"widthType\": \"auto\"\n          },\n          \"justification\": \"left\",\n          \"borders\": {\n            \"top\": {\n              \"borderType\": \"single\",\n              \"size\": 2,\n              \"color\": \"000000\",\n              \"position\": \"top\",\n              \"space\": 0\n            },\n            \"left\": {\n              \"borderType\": \"single\",\n              \"size\": 2,\n              \"color\": \"000000\",\n              \"position\": \"left\",\n              \"space\": 0\n            },\n            \"bottom\": {\n              \"borderType\": \"single\",\n              \"size\": 2,\n              \"color\": \"000000\",\n              \"position\": \"bottom\",\n              \"space\": 0\n            },\n            \"right\": {\n              \"borderType\": \"single\",\n              \"size\": 2,\n              \"color\": \"000000\",\n              \"position\": \"right\",\n              \"space\": 0\n            },\n            \"insideH\": {\n              \"borderType\": \"single\",\n              \"size\": 2,\n              \"color\": \"000000\",\n              \"position\": \"insideH\",\n              \"space\": 0\n            },\n            \"insideV\": {\n              \"borderType\": \"single\",\n              \"size\": 2,\n              \"color\": \"000000\",\n              \"position\": \"insideV\",\n              \"space\": 0\n            }\n          }\n        },\n        \"tableCellProperty\": {\n          \"width\": null,\n          \"borders\": null,\n          \"gridSpan\": null,\n          \"verticalMerge\": null,\n          \"verticalAlign\": null,\n          \"textDirection\": null,\n          \"shading\": null\n        },\n        \"basedOn\": \"Normal\",\n        \"next\": null\n      },\n      {\n        \"styleId\": \"Heading4\",\n        \"name\": \"Heading 4\",\n        \"styleType\": \"paragraph\",\n        \"runProperty\": {\n          \"color\": \"2E74B5\",\n          \"italic\": true,\n          \"italicCs\": true\n        },\n        \"paragraphProperty\": {\n          \"runProperty\": {},\n          \"tabs\": []\n        },\n        \"tableProperty\": {\n          \"width\": {\n            \"width\": 0,\n            \"widthType\": \"auto\"\n          },\n          \"justification\": \"left\",\n          \"borders\": {\n            \"top\": {\n              \"borderType\": \"single\",\n              \"size\": 2,\n              \"color\": \"000000\",\n              \"position\": \"top\",\n              \"space\": 0\n            },\n            \"left\": {\n              \"borderType\": \"single\",\n              \"size\": 2,\n              \"color\": \"000000\",\n              \"position\": \"left\",\n              \"space\": 0\n            },\n            \"bottom\": {\n              \"borderType\": \"single\",\n              \"size\": 2,\n              \"color\": \"000000\",\n              \"position\": \"bottom\",\n              \"space\": 0\n            },\n            \"right\": {\n              \"borderType\": \"single\",\n              \"size\": 2,\n              \"color\": \"000000\",\n              \"position\": \"right\",\n              \"space\": 0\n            },\n            \"insideH\": {\n              \"borderType\": \"single\",\n              \"size\": 2,\n              \"color\": \"000000\",\n              \"position\": \"insideH\",\n              \"space\": 0\n            },\n            \"insideV\": {\n              \"borderType\": \"single\",\n              \"size\": 2,\n              \"color\": \"000000\",\n              \"position\": \"insideV\",\n              \"space\": 0\n            }\n          }\n        },\n        \"tableCellProperty\": {\n          \"width\": null,\n          \"borders\": null,\n          \"gridSpan\": null,\n          \"verticalMerge\": null,\n          \"verticalAlign\": null,\n          \"textDirection\": null,\n          \"shading\": null\n        },\n        \"basedOn\": \"Normal\",\n        \"next\": null\n      },\n      {\n        \"styleId\": \"Heading5\",\n        \"name\": \"Heading 5\",\n        \"styleType\": \"paragraph\",\n        \"runProperty\": {\n          \"color\": \"2E74B5\"\n        },\n        \"paragraphProperty\": {\n          \"runProperty\": {},\n          \"tabs\": []\n        },\n        \"tableProperty\": {\n          \"width\": {\n            \"width\": 0,\n            \"widthType\": \"auto\"\n          },\n          \"justification\": \"left\",\n          \"borders\": {\n            \"top\": {\n              \"borderType\": \"single\",\n              \"size\": 2,\n              \"color\": \"000000\",\n              \"position\": \"top\",\n              \"space\": 0\n            },\n            \"left\": {\n              \"borderType\": \"single\",\n              \"size\": 2,\n              \"color\": \"000000\",\n              \"position\": \"left\",\n              \"space\": 0\n            },\n            \"bottom\": {\n              \"borderType\": \"single\",\n              \"size\": 2,\n              \"color\": \"000000\",\n              \"position\": \"bottom\",\n              \"space\": 0\n            },\n            \"right\": {\n              \"borderType\": \"single\",\n              \"size\": 2,\n              \"color\": \"000000\",\n              \"position\": \"right\",\n              \"space\": 0\n            },\n            \"insideH\": {\n              \"borderType\": \"single\",\n              \"size\": 2,\n              \"color\": \"000000\",\n              \"position\": \"insideH\",\n              \"space\": 0\n            },\n            \"insideV\": {\n              \"borderType\": \"single\",\n              \"size\": 2,\n              \"color\": \"000000\",\n              \"position\": \"insideV\",\n              \"space\": 0\n            }\n          }\n        },\n        \"tableCellProperty\": {\n          \"width\": null,\n          \"borders\": null,\n          \"gridSpan\": null,\n          \"verticalMerge\": null,\n          \"verticalAlign\": null,\n          \"textDirection\": null,\n          \"shading\": null\n        },\n        \"basedOn\": \"Normal\",\n        \"next\": null\n      },\n      {\n        \"styleId\": \"Heading6\",\n        \"name\": \"Heading 6\",\n        \"styleType\": \"paragraph\",\n        \"runProperty\": {\n          \"color\": \"1F4D78\"\n        },\n        \"paragraphProperty\": {\n          \"runProperty\": {},\n          \"tabs\": []\n        },\n        \"tableProperty\": {\n          \"width\": {\n            \"width\": 0,\n            \"widthType\": \"auto\"\n          },\n          \"justification\": \"left\",\n          \"borders\": {\n            \"top\": {\n              \"borderType\": \"single\",\n              \"size\": 2,\n              \"color\": \"000000\",\n              \"position\": \"top\",\n              \"space\": 0\n            },\n            \"left\": {\n              \"borderType\": \"single\",\n              \"size\": 2,\n              \"color\": \"000000\",\n              \"position\": \"left\",\n              \"space\": 0\n            },\n            \"bottom\": {\n              \"borderType\": \"single\",\n              \"size\": 2,\n              \"color\": \"000000\",\n              \"position\": \"bottom\",\n              \"space\": 0\n            },\n            \"right\": {\n              \"borderType\": \"single\",\n              \"size\": 2,\n              \"color\": \"000000\",\n              \"position\": \"right\",\n              \"space\": 0\n            },\n            \"insideH\": {\n              \"borderType\": \"single\",\n              \"size\": 2,\n              \"color\": \"000000\",\n              \"position\": \"insideH\",\n              \"space\": 0\n            },\n            \"insideV\": {\n              \"borderType\": \"single\",\n              \"size\": 2,\n              \"color\": \"000000\",\n              \"position\": \"insideV\",\n              \"space\": 0\n            }\n          }\n        },\n        \"tableCellProperty\": {\n          \"width\": null,\n          \"borders\": null,\n          \"gridSpan\": null,\n          \"verticalMerge\": null,\n          \"verticalAlign\": null,\n          \"textDirection\": null,\n          \"shading\": null\n        },\n        \"basedOn\": \"Normal\",\n        \"next\": null\n      },\n      {\n        \"styleId\": \"ListParagraph\",\n        \"name\": \"List Paragraph\",\n        \"styleType\": \"paragraph\",\n        \"runProperty\": {},\n        \"paragraphProperty\": {\n          \"runProperty\": {},\n          \"tabs\": []\n        },\n        \"tableProperty\": {\n          \"width\": {\n            \"width\": 0,\n            \"widthType\": \"auto\"\n          },\n          \"justification\": \"left\",\n          \"borders\": {\n            \"top\": {\n              \"borderType\": \"single\",\n              \"size\": 2,\n              \"color\": \"000000\",\n              \"position\": \"top\",\n              \"space\": 0\n            },\n            \"left\": {\n              \"borderType\": \"single\",\n              \"size\": 2,\n              \"color\": \"000000\",\n              \"position\": \"left\",\n              \"space\": 0\n            },\n            \"bottom\": {\n              \"borderType\": \"single\",\n              \"size\": 2,\n              \"color\": \"000000\",\n              \"position\": \"bottom\",\n              \"space\": 0\n            },\n            \"right\": {\n              \"borderType\": \"single\",\n              \"size\": 2,\n              \"color\": \"000000\",\n              \"position\": \"right\",\n              \"space\": 0\n            },\n            \"insideH\": {\n              \"borderType\": \"single\",\n              \"size\": 2,\n              \"color\": \"000000\",\n              \"position\": \"insideH\",\n              \"space\": 0\n            },\n            \"insideV\": {\n              \"borderType\": \"single\",\n              \"size\": 2,\n              \"color\": \"000000\",\n              \"position\": \"insideV\",\n              \"space\": 0\n            }\n          }\n        },\n        \"tableCellProperty\": {\n          \"width\": null,\n          \"borders\": null,\n          \"gridSpan\": null,\n          \"verticalMerge\": null,\n          \"verticalAlign\": null,\n          \"textDirection\": null,\n          \"shading\": null\n        },\n        \"basedOn\": \"Normal\",\n        \"next\": null\n      },\n      {\n        \"styleId\": \"Hyperlink\",\n        \"name\": \"Hyperlink\",\n        \"styleType\": \"character\",\n        \"runProperty\": {\n          \"color\": \"0563C1\",\n          \"underline\": \"single\"\n        },\n        \"paragraphProperty\": {\n          \"runProperty\": {},\n          \"tabs\": []\n        },\n        \"tableProperty\": {\n          \"width\": {\n            \"width\": 0,\n            \"widthType\": \"auto\"\n          },\n          \"justification\": \"left\",\n          \"borders\": {\n            \"top\": {\n              \"borderType\": \"single\",\n              \"size\": 2,\n              \"color\": \"000000\",\n              \"position\": \"top\",\n              \"space\": 0\n            },\n            \"left\": {\n              \"borderType\": \"single\",\n              \"size\": 2,\n              \"color\": \"000000\",\n              \"position\": \"left\",\n              \"space\": 0\n            },\n            \"bottom\": {\n              \"borderType\": \"single\",\n              \"size\": 2,\n              \"color\": \"000000\",\n              \"position\": \"bottom\",\n              \"space\": 0\n            },\n            \"right\": {\n              \"borderType\": \"single\",\n              \"size\": 2,\n              \"color\": \"000000\",\n              \"position\": \"right\",\n              \"space\": 0\n            },\n            \"insideH\": {\n              \"borderType\": \"single\",\n              \"size\": 2,\n              \"color\": \"000000\",\n              \"position\": \"insideH\",\n              \"space\": 0\n            },\n            \"insideV\": {\n              \"borderType\": \"single\",\n              \"size\": 2,\n              \"color\": \"000000\",\n              \"position\": \"insideV\",\n              \"space\": 0\n            }\n          }\n        },\n        \"tableCellProperty\": {\n          \"width\": null,\n          \"borders\": null,\n          \"gridSpan\": null,\n          \"verticalMerge\": null,\n          \"verticalAlign\": null,\n          \"textDirection\": null,\n          \"shading\": null\n        },\n        \"basedOn\": \"DefaultParagraphFont\",\n        \"next\": null\n      },\n      {\n        \"styleId\": \"FootnoteReference\",\n        \"name\": \"footnote reference\",\n        \"styleType\": \"character\",\n        \"runProperty\": {\n          \"vertAlign\": \"superscript\"\n        },\n        \"paragraphProperty\": {\n          \"runProperty\": {},\n          \"tabs\": []\n        },\n        \"tableProperty\": {\n          \"width\": {\n            \"width\": 0,\n            \"widthType\": \"auto\"\n          },\n          \"justification\": \"left\",\n          \"borders\": {\n            \"top\": {\n              \"borderType\": \"single\",\n              \"size\": 2,\n              \"color\": \"000000\",\n              \"position\": \"top\",\n              \"space\": 0\n            },\n            \"left\": {\n              \"borderType\": \"single\",\n              \"size\": 2,\n              \"color\": \"000000\",\n              \"position\": \"left\",\n              \"space\": 0\n            },\n            \"bottom\": {\n              \"borderType\": \"single\",\n              \"size\": 2,\n              \"color\": \"000000\",\n              \"position\": \"bottom\",\n              \"space\": 0\n            },\n            \"right\": {\n              \"borderType\": \"single\",\n              \"size\": 2,\n         